16:53:58 **** Build of configuration Debug for project Practica1.2 ****
make -j2 all 
arm-none-eabi-gcc "../Peripheral/Core/Gpio.c" -mcpu=cortex-m4 -std=gnu11 -g3 -DDEBUG -DUSE_HAL_DRIVER -DSTM32F401xE -c -I"/home/jv/STM32CubeIDE/workspace_1.14.0/PdM_workspace/PdM_workspace/Practica1.2/Peripheral/Inc" -I"/home/jv/STM32CubeIDE/workspace_1.14.0/PdM_workspace/PdM_workspace/Practica1.2/Core/Inc" -I"/home/jv/STM32CubeIDE/workspace_1.14.0/PdM_workspace/PdM_workspace/Practica1.2/Drivers/STM32F4xx_HAL_Driver/Inc" -I"/home/jv/STM32CubeIDE/workspace_1.14.0/PdM_workspace/PdM_workspace/Practica1.2/Drivers/STM32F4xx_HAL_Driver/Inc/Legacy" -I"/home/jv/STM32CubeIDE/workspace_1.14.0/PdM_workspace/PdM_workspace/Practica1.2/Drivers/CMSIS/Device/ST/STM32F4xx/Include" -I"/home/jv/STM32CubeIDE/workspace_1.14.0/PdM_workspace/PdM_workspace/Practica1.2/Drivers/CMSIS/Include" -O0 -ffunction-sections -fdata-sections -Wall -fstack-usage -fcyclomatic-complexity -MMD -MP -MF"Peripheral/Core/Gpio.d" -MT"Peripheral/Core/Gpio.o" --specs=nano.specs -mfpu=fpv4-sp-d16 -mfloat-abi=hard -mthumb -o "Peripheral/Core/Gpio.o"
arm-none-eabi-gcc "../Peripheral/Core/SysConfig.c" -mcpu=cortex-m4 -std=gnu11 -g3 -DDEBUG -DUSE_HAL_DRIVER -DSTM32F401xE -c -I"/home/jv/STM32CubeIDE/workspace_1.14.0/PdM_workspace/PdM_workspace/Practica1.2/Peripheral/Inc" -I"/home/jv/STM32CubeIDE/workspace_1.14.0/PdM_workspace/PdM_workspace/Practica1.2/Core/Inc" -I"/home/jv/STM32CubeIDE/workspace_1.14.0/PdM_workspace/PdM_workspace/Practica1.2/Drivers/STM32F4xx_HAL_Driver/Inc" -I"/home/jv/STM32CubeIDE/workspace_1.14.0/PdM_workspace/PdM_workspace/Practica1.2/Drivers/STM32F4xx_HAL_Driver/Inc/Legacy" -I"/home/jv/STM32CubeIDE/workspace_1.14.0/PdM_workspace/PdM_workspace/Practica1.2/Drivers/CMSIS/Device/ST/STM32F4xx/Include" -I"/home/jv/STM32CubeIDE/workspace_1.14.0/PdM_workspace/PdM_workspace/Practica1.2/Drivers/CMSIS/Include" -O0 -ffunction-sections -fdata-sections -Wall -fstack-usage -fcyclomatic-complexity -MMD -MP -MF"Peripheral/Core/SysConfig.d" -MT"Peripheral/Core/SysConfig.o" --specs=nano.specs -mfpu=fpv4-sp-d16 -mfloat-abi=hard -mthumb -o "Peripheral/Core/SysConfig.o"
arm-none-eabi-gcc "../Drivers/STM32F4xx_HAL_Driver/Src/stm32f4xx_hal.c" -mcpu=cortex-m4 -std=gnu11 -g3 -DDEBUG -DUSE_HAL_DRIVER -DSTM32F401xE -c -I"/home/jv/STM32CubeIDE/workspace_1.14.0/PdM_workspace/PdM_workspace/Practica1.2/Peripheral/Inc" -I"/home/jv/STM32CubeIDE/workspace_1.14.0/PdM_workspace/PdM_workspace/Practica1.2/Core/Inc" -I"/home/jv/STM32CubeIDE/workspace_1.14.0/PdM_workspace/PdM_workspace/Practica1.2/Drivers/STM32F4xx_HAL_Driver/Inc" -I"/home/jv/STM32CubeIDE/workspace_1.14.0/PdM_workspace/PdM_workspace/Practica1.2/Drivers/STM32F4xx_HAL_Driver/Inc/Legacy" -I"/home/jv/STM32CubeIDE/workspace_1.14.0/PdM_workspace/PdM_workspace/Practica1.2/Drivers/CMSIS/Device/ST/STM32F4xx/Include" -I"/home/jv/STM32CubeIDE/workspace_1.14.0/PdM_workspace/PdM_workspace/Practica1.2/Drivers/CMSIS/Include" -O0 -ffunction-sections -fdata-sections -Wall -fstack-usage -fcyclomatic-complexity -MMD -MP -MF"Drivers/STM32F4xx_HAL_Driver/Src/stm32f4xx_hal.d" -MT"Drivers/STM32F4xx_HAL_Driver/Src/stm32f4xx_hal.o" --specs=nano.specs -mfpu=fpv4-sp-d16 -mfloat-abi=hard -mthumb -o "Drivers/STM32F4xx_HAL_Driver/Src/stm32f4xx_hal.o"
arm-none-eabi-gcc "../Drivers/STM32F4xx_HAL_Driver/Src/stm32f4xx_hal_cortex.c" -mcpu=cortex-m4 -std=gnu11 -g3 -DDEBUG -DUSE_HAL_DRIVER -DSTM32F401xE -c -I"/home/jv/STM32CubeIDE/workspace_1.14.0/PdM_workspace/PdM_workspace/Practica1.2/Peripheral/Inc" -I"/home/jv/STM32CubeIDE/workspace_1.14.0/PdM_workspace/PdM_workspace/Practica1.2/Core/Inc" -I"/home/jv/STM32CubeIDE/workspace_1.14.0/PdM_workspace/PdM_workspace/Practica1.2/Drivers/STM32F4xx_HAL_Driver/Inc" -I"/home/jv/STM32CubeIDE/workspace_1.14.0/PdM_workspace/PdM_workspace/Practica1.2/Drivers/STM32F4xx_HAL_Driver/Inc/Legacy" -I"/home/jv/STM32CubeIDE/workspace_1.14.0/PdM_workspace/PdM_workspace/Practica1.2/Drivers/CMSIS/Device/ST/STM32F4xx/Include" -I"/home/jv/STM32CubeIDE/workspace_1.14.0/PdM_workspace/PdM_workspace/Practica1.2/Drivers/CMSIS/Include" -O0 -ffunction-sections -fdata-sections -Wall -fstack-usage -fcyclomatic-complexity -MMD -MP -MF"Drivers/STM32F4xx_HAL_Driver/Src/stm32f4xx_hal_cortex.d" -MT"Drivers/STM32F4xx_HAL_Driver/Src/stm32f4xx_hal_cortex.o" --specs=nano.specs -mfpu=fpv4-sp-d16 -mfloat-abi=hard -mthumb -o "Drivers/STM32F4xx_HAL_Driver/Src/stm32f4xx_hal_cortex.o"
arm-none-eabi-gcc "../Drivers/STM32F4xx_HAL_Driver/Src/stm32f4xx_hal_dma.c" -mcpu=cortex-m4 -std=gnu11 -g3 -DDEBUG -DUSE_HAL_DRIVER -DSTM32F401xE -c -I"/home/jv/STM32CubeIDE/workspace_1.14.0/PdM_workspace/PdM_workspace/Practica1.2/Peripheral/Inc" -I"/home/jv/STM32CubeIDE/workspace_1.14.0/PdM_workspace/PdM_workspace/Practica1.2/Core/Inc" -I"/home/jv/STM32CubeIDE/workspace_1.14.0/PdM_workspace/PdM_workspace/Practica1.2/Drivers/STM32F4xx_HAL_Driver/Inc" -I"/home/jv/STM32CubeIDE/workspace_1.14.0/PdM_workspace/PdM_workspace/Practica1.2/Drivers/STM32F4xx_HAL_Driver/Inc/Legacy" -I"/home/jv/STM32CubeIDE/workspace_1.14.0/PdM_workspace/PdM_workspace/Practica1.2/Drivers/CMSIS/Device/ST/STM32F4xx/Include" -I"/home/jv/STM32CubeIDE/workspace_1.14.0/PdM_workspace/PdM_workspace/Practica1.2/Drivers/CMSIS/Include" -O0 -ffunction-sections -fdata-sections -Wall -fstack-usage -fcyclomatic-complexity -MMD -MP -MF"Drivers/STM32F4xx_HAL_Driver/Src/stm32f4xx_hal_dma.d" -MT"Drivers/STM32F4xx_HAL_Driver/Src/stm32f4xx_hal_dma.o" --specs=nano.specs -mfpu=fpv4-sp-d16 -mfloat-abi=hard -mthumb -o "Drivers/STM32F4xx_HAL_Driver/Src/stm32f4xx_hal_dma.o"
arm-none-eabi-gcc "../Drivers/STM32F4xx_HAL_Driver/Src/stm32f4xx_hal_dma_ex.c" -mcpu=cortex-m4 -std=gnu11 -g3 -DDEBUG -DUSE_HAL_DRIVER -DSTM32F401xE -c -I"/home/jv/STM32CubeIDE/workspace_1.14.0/PdM_workspace/PdM_workspace/Practica1.2/Peripheral/Inc" -I"/home/jv/STM32CubeIDE/workspace_1.14.0/PdM_workspace/PdM_workspace/Practica1.2/Core/Inc" -I"/home/jv/STM32CubeIDE/workspace_1.14.0/PdM_workspace/PdM_workspace/Practica1.2/Drivers/STM32F4xx_HAL_Driver/Inc" -I"/home/jv/STM32CubeIDE/workspace_1.14.0/PdM_workspace/PdM_workspace/Practica1.2/Drivers/STM32F4xx_HAL_Driver/Inc/Legacy" -I"/home/jv/STM32CubeIDE/workspace_1.14.0/PdM_workspace/PdM_workspace/Practica1.2/Drivers/CMSIS/Device/ST/STM32F4xx/Include" -I"/home/jv/STM32CubeIDE/workspace_1.14.0/PdM_workspace/PdM_workspace/Practica1.2/Drivers/CMSIS/Include" -O0 -ffunction-sections -fdata-sections -Wall -fstack-usage -fcyclomatic-complexity -MMD -MP -MF"Drivers/STM32F4xx_HAL_Driver/Src/stm32f4xx_hal_dma_ex.d" -MT"Drivers/STM32F4xx_HAL_Driver/Src/stm32f4xx_hal_dma_ex.o" --specs=nano.specs -mfpu=fpv4-sp-d16 -mfloat-abi=hard -mthumb -o "Drivers/STM32F4xx_HAL_Driver/Src/stm32f4xx_hal_dma_ex.o"
arm-none-eabi-gcc "../Drivers/STM32F4xx_HAL_Driver/Src/stm32f4xx_hal_exti.c" -mcpu=cortex-m4 -std=gnu11 -g3 -DDEBUG -DUSE_HAL_DRIVER -DSTM32F401xE -c -I"/home/jv/STM32CubeIDE/workspace_1.14.0/PdM_workspace/PdM_workspace/Practica1.2/Peripheral/Inc" -I"/home/jv/STM32CubeIDE/workspace_1.14.0/PdM_workspace/PdM_workspace/Practica1.2/Core/Inc" -I"/home/jv/STM32CubeIDE/workspace_1.14.0/PdM_workspace/PdM_workspace/Practica1.2/Drivers/STM32F4xx_HAL_Driver/Inc" -I"/home/jv/STM32CubeIDE/workspace_1.14.0/PdM_workspace/PdM_workspace/Practica1.2/Drivers/STM32F4xx_HAL_Driver/Inc/Legacy" -I"/home/jv/STM32CubeIDE/workspace_1.14.0/PdM_workspace/PdM_workspace/Practica1.2/Drivers/CMSIS/Device/ST/STM32F4xx/Include" -I"/home/jv/STM32CubeIDE/workspace_1.14.0/PdM_workspace/PdM_workspace/Practica1.2/Drivers/CMSIS/Include" -O0 -ffunction-sections -fdata-sections -Wall -fstack-usage -fcyclomatic-complexity -MMD -MP -MF"Drivers/STM32F4xx_HAL_Driver/Src/stm32f4xx_hal_exti.d" -MT"Drivers/STM32F4xx_HAL_Driver/Src/stm32f4xx_hal_exti.o" --specs=nano.specs -mfpu=fpv4-sp-d16 -mfloat-abi=hard -mthumb -o "Drivers/STM32F4xx_HAL_Driver/Src/stm32f4xx_hal_exti.o"
arm-none-eabi-gcc "../Drivers/STM32F4xx_HAL_Driver/Src/stm32f4xx_hal_flash.c" -mcpu=cortex-m4 -std=gnu11 -g3 -DDEBUG -DUSE_HAL_DRIVER -DSTM32F401xE -c -I"/home/jv/STM32CubeIDE/workspace_1.14.0/PdM_workspace/PdM_workspace/Practica1.2/Peripheral/Inc" -I"/home/jv/STM32CubeIDE/workspace_1.14.0/PdM_workspace/PdM_workspace/Practica1.2/Core/Inc" -I"/home/jv/STM32CubeIDE/workspace_1.14.0/PdM_workspace/PdM_workspace/Practica1.2/Drivers/STM32F4xx_HAL_Driver/Inc" -I"/home/jv/STM32CubeIDE/workspace_1.14.0/PdM_workspace/PdM_workspace/Practica1.2/Drivers/STM32F4xx_HAL_Driver/Inc/Legacy" -I"/home/jv/STM32CubeIDE/workspace_1.14.0/PdM_workspace/PdM_workspace/Practica1.2/Drivers/CMSIS/Device/ST/STM32F4xx/Include" -I"/home/jv/STM32CubeIDE/workspace_1.14.0/PdM_workspace/PdM_workspace/Practica1.2/Drivers/CMSIS/Include" -O0 -ffunction-sections -fdata-sections -Wall -fstack-usage -fcyclomatic-complexity -MMD -MP -MF"Drivers/STM32F4xx_HAL_Driver/Src/stm32f4xx_hal_flash.d" -MT"Drivers/STM32F4xx_HAL_Driver/Src/stm32f4xx_hal_flash.o" --specs=nano.specs -mfpu=fpv4-sp-d16 -mfloat-abi=hard -mthumb -o "Drivers/STM32F4xx_HAL_Driver/Src/stm32f4xx_hal_flash.o"
arm-none-eabi-gcc "../Drivers/STM32F4xx_HAL_Driver/Src/stm32f4xx_hal_flash_ex.c" -mcpu=cortex-m4 -std=gnu11 -g3 -DDEBUG -DUSE_HAL_DRIVER -DSTM32F401xE -c -I"/home/jv/STM32CubeIDE/workspace_1.14.0/PdM_workspace/PdM_workspace/Practica1.2/Peripheral/Inc" -I"/home/jv/STM32CubeIDE/workspace_1.14.0/PdM_workspace/PdM_workspace/Practica1.2/Core/Inc" -I"/home/jv/STM32CubeIDE/workspace_1.14.0/PdM_workspace/PdM_workspace/Practica1.2/Drivers/STM32F4xx_HAL_Driver/Inc" -I"/home/jv/STM32CubeIDE/workspace_1.14.0/PdM_workspace/PdM_workspace/Practica1.2/Drivers/STM32F4xx_HAL_Driver/Inc/Legacy" -I"/home/jv/STM32CubeIDE/workspace_1.14.0/PdM_workspace/PdM_workspace/Practica1.2/Drivers/CMSIS/Device/ST/STM32F4xx/Include" -I"/home/jv/STM32CubeIDE/workspace_1.14.0/PdM_workspace/PdM_workspace/Practica1.2/Drivers/CMSIS/Include" -O0 -ffunction-sections -fdata-sections -Wall -fstack-usage -fcyclomatic-complexity -MMD -MP -MF"Drivers/STM32F4xx_HAL_Driver/Src/stm32f4xx_hal_flash_ex.d" -MT"Drivers/STM32F4xx_HAL_Driver/Src/stm32f4xx_hal_flash_ex.o" --specs=nano.specs -mfpu=fpv4-sp-d16 -mfloat-abi=hard -mthumb -o "Drivers/STM32F4xx_HAL_Driver/Src/stm32f4xx_hal_flash_ex.o"
arm-none-eabi-gcc "../Drivers/STM32F4xx_HAL_Driver/Src/stm32f4xx_hal_flash_ramfunc.c" -mcpu=cortex-m4 -std=gnu11 -g3 -DDEBUG -DUSE_HAL_DRIVER -DSTM32F401xE -c -I"/home/jv/STM32CubeIDE/workspace_1.14.0/PdM_workspace/PdM_workspace/Practica1.2/Peripheral/Inc" -I"/home/jv/STM32CubeIDE/workspace_1.14.0/PdM_workspace/PdM_workspace/Practica1.2/Core/Inc" -I"/home/jv/STM32CubeIDE/workspace_1.14.0/PdM_workspace/PdM_workspace/Practica1.2/Drivers/STM32F4xx_HAL_Driver/Inc" -I"/home/jv/STM32CubeIDE/workspace_1.14.0/PdM_workspace/PdM_workspace/Practica1.2/Drivers/STM32F4xx_HAL_Driver/Inc/Legacy" -I"/home/jv/STM32CubeIDE/workspace_1.14.0/PdM_workspace/PdM_workspace/Practica1.2/Drivers/CMSIS/Device/ST/STM32F4xx/Include" -I"/home/jv/STM32CubeIDE/workspace_1.14.0/PdM_workspace/PdM_workspace/Practica1.2/Drivers/CMSIS/Include" -O0 -ffunction-sections -fdata-sections -Wall -fstack-usage -fcyclomatic-complexity -MMD -MP -MF"Drivers/STM32F4xx_HAL_Driver/Src/stm32f4xx_hal_flash_ramfunc.d" -MT"Drivers/STM32F4xx_HAL_Driver/Src/stm32f4xx_hal_flash_ramfunc.o" --specs=nano.specs -mfpu=fpv4-sp-d16 -mfloat-abi=hard -mthumb -o "Drivers/STM32F4xx_HAL_Driver/Src/stm32f4xx_hal_flash_ramfunc.o"
arm-none-eabi-gcc "../Drivers/STM32F4xx_HAL_Driver/Src/stm32f4xx_hal_gpio.c" -mcpu=cortex-m4 -std=gnu11 -g3 -DDEBUG -DUSE_HAL_DRIVER -DSTM32F401xE -c -I"/home/jv/STM32CubeIDE/workspace_1.14.0/PdM_workspace/PdM_workspace/Practica1.2/Peripheral/Inc" -I"/home/jv/STM32CubeIDE/workspace_1.14.0/PdM_workspace/PdM_workspace/Practica1.2/Core/Inc" -I"/home/jv/STM32CubeIDE/workspace_1.14.0/PdM_workspace/PdM_workspace/Practica1.2/Drivers/STM32F4xx_HAL_Driver/Inc" -I"/home/jv/STM32CubeIDE/workspace_1.14.0/PdM_workspace/PdM_workspace/Practica1.2/Drivers/STM32F4xx_HAL_Driver/Inc/Legacy" -I"/home/jv/STM32CubeIDE/workspace_1.14.0/PdM_workspace/PdM_workspace/Practica1.2/Drivers/CMSIS/Device/ST/STM32F4xx/Include" -I"/home/jv/STM32CubeIDE/workspace_1.14.0/PdM_workspace/PdM_workspace/Practica1.2/Drivers/CMSIS/Include" -O0 -ffunction-sections -fdata-sections -Wall -fstack-usage -fcyclomatic-complexity -MMD -MP -MF"Drivers/STM32F4xx_HAL_Driver/Src/stm32f4xx_hal_gpio.d" -MT"Drivers/STM32F4xx_HAL_Driver/Src/stm32f4xx_hal_gpio.o" --specs=nano.specs -mfpu=fpv4-sp-d16 -mfloat-abi=hard -mthumb -o "Drivers/STM32F4xx_HAL_Driver/Src/stm32f4xx_hal_gpio.o"
arm-none-eabi-gcc "../Drivers/STM32F4xx_HAL_Driver/Src/stm32f4xx_hal_pwr.c" -mcpu=cortex-m4 -std=gnu11 -g3 -DDEBUG -DUSE_HAL_DRIVER -DSTM32F401xE -c -I"/home/jv/STM32CubeIDE/workspace_1.14.0/PdM_workspace/PdM_workspace/Practica1.2/Peripheral/Inc" -I"/home/jv/STM32CubeIDE/workspace_1.14.0/PdM_workspace/PdM_workspace/Practica1.2/Core/Inc" -I"/home/jv/STM32CubeIDE/workspace_1.14.0/PdM_workspace/PdM_workspace/Practica1.2/Drivers/STM32F4xx_HAL_Driver/Inc" -I"/home/jv/STM32CubeIDE/workspace_1.14.0/PdM_workspace/PdM_workspace/Practica1.2/Drivers/STM32F4xx_HAL_Driver/Inc/Legacy" -I"/home/jv/STM32CubeIDE/workspace_1.14.0/PdM_workspace/PdM_workspace/Practica1.2/Drivers/CMSIS/Device/ST/STM32F4xx/Include" -I"/home/jv/STM32CubeIDE/workspace_1.14.0/PdM_workspace/PdM_workspace/Practica1.2/Drivers/CMSIS/Include" -O0 -ffunction-sections -fdata-sections -Wall -fstack-usage -fcyclomatic-complexity -MMD -MP -MF"Drivers/STM32F4xx_HAL_Driver/Src/stm32f4xx_hal_pwr.d" -MT"Drivers/STM32F4xx_HAL_Driver/Src/stm32f4xx_hal_pwr.o" --specs=nano.specs -mfpu=fpv4-sp-d16 -mfloat-abi=hard -mthumb -o "Drivers/STM32F4xx_HAL_Driver/Src/stm32f4xx_hal_pwr.o"
arm-none-eabi-gcc "../Drivers/STM32F4xx_HAL_Driver/Src/stm32f4xx_hal_pwr_ex.c" -mcpu=cortex-m4 -std=gnu11 -g3 -DDEBUG -DUSE_HAL_DRIVER -DSTM32F401xE -c -I"/home/jv/STM32CubeIDE/workspace_1.14.0/PdM_workspace/PdM_workspace/Practica1.2/Peripheral/Inc" -I"/home/jv/STM32CubeIDE/workspace_1.14.0/PdM_workspace/PdM_workspace/Practica1.2/Core/Inc" -I"/home/jv/STM32CubeIDE/workspace_1.14.0/PdM_workspace/PdM_workspace/Practica1.2/Drivers/STM32F4xx_HAL_Driver/Inc" -I"/home/jv/STM32CubeIDE/workspace_1.14.0/PdM_workspace/PdM_workspace/Practica1.2/Drivers/STM32F4xx_HAL_Driver/Inc/Legacy" -I"/home/jv/STM32CubeIDE/workspace_1.14.0/PdM_workspace/PdM_workspace/Practica1.2/Drivers/CMSIS/Device/ST/STM32F4xx/Include" -I"/home/jv/STM32CubeIDE/workspace_1.14.0/PdM_workspace/PdM_workspace/Practica1.2/Drivers/CMSIS/Include" -O0 -ffunction-sections -fdata-sections -Wall -fstack-usage -fcyclomatic-complexity -MMD -MP -MF"Drivers/STM32F4xx_HAL_Driver/Src/stm32f4xx_hal_pwr_ex.d" -MT"Drivers/STM32F4xx_HAL_Driver/Src/stm32f4xx_hal_pwr_ex.o" --specs=nano.specs -mfpu=fpv4-sp-d16 -mfloat-abi=hard -mthumb -o "Drivers/STM32F4xx_HAL_Driver/Src/stm32f4xx_hal_pwr_ex.o"
arm-none-eabi-gcc "../Drivers/STM32F4xx_HAL_Driver/Src/stm32f4xx_hal_rcc.c" -mcpu=cortex-m4 -std=gnu11 -g3 -DDEBUG -DUSE_HAL_DRIVER -DSTM32F401xE -c -I"/home/jv/STM32CubeIDE/workspace_1.14.0/PdM_workspace/PdM_workspace/Practica1.2/Peripheral/Inc" -I"/home/jv/STM32CubeIDE/workspace_1.14.0/PdM_workspace/PdM_workspace/Practica1.2/Core/Inc" -I"/home/jv/STM32CubeIDE/workspace_1.14.0/PdM_workspace/PdM_workspace/Practica1.2/Drivers/STM32F4xx_HAL_Driver/Inc" -I"/home/jv/STM32CubeIDE/workspace_1.14.0/PdM_workspace/PdM_workspace/Practica1.2/Drivers/STM32F4xx_HAL_Driver/Inc/Legacy" -I"/home/jv/STM32CubeIDE/workspace_1.14.0/PdM_workspace/PdM_workspace/Practica1.2/Drivers/CMSIS/Device/ST/STM32F4xx/Include" -I"/home/jv/STM32CubeIDE/workspace_1.14.0/PdM_workspace/PdM_workspace/Practica1.2/Drivers/CMSIS/Include" -O0 -ffunction-sections -fdata-sections -Wall -fstack-usage -fcyclomatic-complexity -MMD -MP -MF"Drivers/STM32F4xx_HAL_Driver/Src/stm32f4xx_hal_rcc.d" -MT"Drivers/STM32F4xx_HAL_Driver/Src/stm32f4xx_hal_rcc.o" --specs=nano.specs -mfpu=fpv4-sp-d16 -mfloat-abi=hard -mthumb -o "Drivers/STM32F4xx_HAL_Driver/Src/stm32f4xx_hal_rcc.o"
arm-none-eabi-gcc "../Drivers/STM32F4xx_HAL_Driver/Src/stm32f4xx_hal_rcc_ex.c" -mcpu=cortex-m4 -std=gnu11 -g3 -DDEBUG -DUSE_HAL_DRIVER -DSTM32F401xE -c -I"/home/jv/STM32CubeIDE/workspace_1.14.0/PdM_workspace/PdM_workspace/Practica1.2/Peripheral/Inc" -I"/home/jv/STM32CubeIDE/workspace_1.14.0/PdM_workspace/PdM_workspace/Practica1.2/Core/Inc" -I"/home/jv/STM32CubeIDE/workspace_1.14.0/PdM_workspace/PdM_workspace/Practica1.2/Drivers/STM32F4xx_HAL_Driver/Inc" -I"/home/jv/STM32CubeIDE/workspace_1.14.0/PdM_workspace/PdM_workspace/Practica1.2/Drivers/STM32F4xx_HAL_Driver/Inc/Legacy" -I"/home/jv/STM32CubeIDE/workspace_1.14.0/PdM_workspace/PdM_workspace/Practica1.2/Drivers/CMSIS/Device/ST/STM32F4xx/Include" -I"/home/jv/STM32CubeIDE/workspace_1.14.0/PdM_workspace/PdM_workspace/Practica1.2/Drivers/CMSIS/Include" -O0 -ffunction-sections -fdata-sections -Wall -fstack-usage -fcyclomatic-complexity -MMD -MP -MF"Drivers/STM32F4xx_HAL_Driver/Src/stm32f4xx_hal_rcc_ex.d" -MT"Drivers/STM32F4xx_HAL_Driver/Src/stm32f4xx_hal_rcc_ex.o" --specs=nano.specs -mfpu=fpv4-sp-d16 -mfloat-abi=hard -mthumb -o "Drivers/STM32F4xx_HAL_Driver/Src/stm32f4xx_hal_rcc_ex.o"
arm-none-eabi-gcc "../Drivers/STM32F4xx_HAL_Driver/Src/stm32f4xx_hal_tim.c" -mcpu=cortex-m4 -std=gnu11 -g3 -DDEBUG -DUSE_HAL_DRIVER -DSTM32F401xE -c -I"/home/jv/STM32CubeIDE/workspace_1.14.0/PdM_workspace/PdM_workspace/Practica1.2/Peripheral/Inc" -I"/home/jv/STM32CubeIDE/workspace_1.14.0/PdM_workspace/PdM_workspace/Practica1.2/Core/Inc" -I"/home/jv/STM32CubeIDE/workspace_1.14.0/PdM_workspace/PdM_workspace/Practica1.2/Drivers/STM32F4xx_HAL_Driver/Inc" -I"/home/jv/STM32CubeIDE/workspace_1.14.0/PdM_workspace/PdM_workspace/Practica1.2/Drivers/STM32F4xx_HAL_Driver/Inc/Legacy" -I"/home/jv/STM32CubeIDE/workspace_1.14.0/PdM_workspace/PdM_workspace/Practica1.2/Drivers/CMSIS/Device/ST/STM32F4xx/Include" -I"/home/jv/STM32CubeIDE/workspace_1.14.0/PdM_workspace/PdM_workspace/Practica1.2/Drivers/CMSIS/Include" -O0 -ffunction-sections -fdata-sections -Wall -fstack-usage -fcyclomatic-complexity -MMD -MP -MF"Drivers/STM32F4xx_HAL_Driver/Src/stm32f4xx_hal_tim.d" -MT"Drivers/STM32F4xx_HAL_Driver/Src/stm32f4xx_hal_tim.o" --specs=nano.specs -mfpu=fpv4-sp-d16 -mfloat-abi=hard -mthumb -o "Drivers/STM32F4xx_HAL_Driver/Src/stm32f4xx_hal_tim.o"
arm-none-eabi-gcc "../Drivers/STM32F4xx_HAL_Driver/Src/stm32f4xx_hal_tim_ex.c" -mcpu=cortex-m4 -std=gnu11 -g3 -DDEBUG -DUSE_HAL_DRIVER -DSTM32F401xE -c -I"/home/jv/STM32CubeIDE/workspace_1.14.0/PdM_workspace/PdM_workspace/Practica1.2/Peripheral/Inc" -I"/home/jv/STM32CubeIDE/workspace_1.14.0/PdM_workspace/PdM_workspace/Practica1.2/Core/Inc" -I"/home/jv/STM32CubeIDE/workspace_1.14.0/PdM_workspace/PdM_workspace/Practica1.2/Drivers/STM32F4xx_HAL_Driver/Inc" -I"/home/jv/STM32CubeIDE/workspace_1.14.0/PdM_workspace/PdM_workspace/Practica1.2/Drivers/STM32F4xx_HAL_Driver/Inc/Legacy" -I"/home/jv/STM32CubeIDE/workspace_1.14.0/PdM_workspace/PdM_workspace/Practica1.2/Drivers/CMSIS/Device/ST/STM32F4xx/Include" -I"/home/jv/STM32CubeIDE/workspace_1.14.0/PdM_workspace/PdM_workspace/Practica1.2/Drivers/CMSIS/Include" -O0 -ffunction-sections -fdata-sections -Wall -fstack-usage -fcyclomatic-complexity -MMD -MP -MF"Drivers/STM32F4xx_HAL_Driver/Src/stm32f4xx_hal_tim_ex.d" -MT"Drivers/STM32F4xx_HAL_Driver/Src/stm32f4xx_hal_tim_ex.o" --specs=nano.specs -mfpu=fpv4-sp-d16 -mfloat-abi=hard -mthumb -o "Drivers/STM32F4xx_HAL_Driver/Src/stm32f4xx_hal_tim_ex.o"
arm-none-eabi-gcc "../Core/Src/main.c" -mcpu=cortex-m4 -std=gnu11 -g3 -DDEBUG -DUSE_HAL_DRIVER -DSTM32F401xE -c -I"/home/jv/STM32CubeIDE/workspace_1.14.0/PdM_workspace/PdM_workspace/Practica1.2/Peripheral/Inc" -I"/home/jv/STM32CubeIDE/workspace_1.14.0/PdM_workspace/PdM_workspace/Practica1.2/Core/Inc" -I"/home/jv/STM32CubeIDE/workspace_1.14.0/PdM_workspace/PdM_workspace/Practica1.2/Drivers/STM32F4xx_HAL_Driver/Inc" -I"/home/jv/STM32CubeIDE/workspace_1.14.0/PdM_workspace/PdM_workspace/Practica1.2/Drivers/STM32F4xx_HAL_Driver/Inc/Legacy" -I"/home/jv/STM32CubeIDE/workspace_1.14.0/PdM_workspace/PdM_workspace/Practica1.2/Drivers/CMSIS/Device/ST/STM32F4xx/Include" -I"/home/jv/STM32CubeIDE/workspace_1.14.0/PdM_workspace/PdM_workspace/Practica1.2/Drivers/CMSIS/Include" -O0 -ffunction-sections -fdata-sections -Wall -fstack-usage -fcyclomatic-complexity -MMD -MP -MF"Core/Src/main.d" -MT"Core/Src/main.o" --specs=nano.specs -mfpu=fpv4-sp-d16 -mfloat-abi=hard -mthumb -o "Core/Src/main.o"
../Core/Src/main.c: In function 'main':
../Core/Src/main.c:29:18: warning: this 'else' clause does not guard... [-Wmisleading-indentation]
   29 |                 }else
      |                  ^~~~
../Core/Src/main.c:32:25: note: ...this statement, but the latter is misleadingly indented as if it were guarded by the 'else'
   32 |                         HAL_Delay(200);
      |                         ^~~~~~~~~
arm-none-eabi-gcc "../Core/Src/stm32f4xx_hal_msp.c" -mcpu=cortex-m4 -std=gnu11 -g3 -DDEBUG -DUSE_HAL_DRIVER -DSTM32F401xE -c -I"/home/jv/STM32CubeIDE/workspace_1.14.0/PdM_workspace/PdM_workspace/Practica1.2/Peripheral/Inc" -I"/home/jv/STM32CubeIDE/workspace_1.14.0/PdM_workspace/PdM_workspace/Practica1.2/Core/Inc" -I"/home/jv/STM32CubeIDE/workspace_1.14.0/PdM_workspace/PdM_workspace/Practica1.2/Drivers/STM32F4xx_HAL_Driver/Inc" -I"/home/jv/STM32CubeIDE/workspace_1.14.0/PdM_workspace/PdM_workspace/Practica1.2/Drivers/STM32F4xx_HAL_Driver/Inc/Legacy" -I"/home/jv/STM32CubeIDE/workspace_1.14.0/PdM_workspace/PdM_workspace/Practica1.2/Drivers/CMSIS/Device/ST/STM32F4xx/Include" -I"/home/jv/STM32CubeIDE/workspace_1.14.0/PdM_workspace/PdM_workspace/Practica1.2/Drivers/CMSIS/Include" -O0 -ffunction-sections -fdata-sections -Wall -fstack-usage -fcyclomatic-complexity -MMD -MP -MF"Core/Src/stm32f4xx_hal_msp.d" -MT"Core/Src/stm32f4xx_hal_msp.o" --specs=nano.specs -mfpu=fpv4-sp-d16 -mfloat-abi=hard -mthumb -o "Core/Src/stm32f4xx_hal_msp.o"
arm-none-eabi-gcc "../Core/Src/stm32f4xx_it.c" -mcpu=cortex-m4 -std=gnu11 -g3 -DDEBUG -DUSE_HAL_DRIVER -DSTM32F401xE -c -I"/home/jv/STM32CubeIDE/workspace_1.14.0/PdM_workspace/PdM_workspace/Practica1.2/Peripheral/Inc" -I"/home/jv/STM32CubeIDE/workspace_1.14.0/PdM_workspace/PdM_workspace/Practica1.2/Core/Inc" -I"/home/jv/STM32CubeIDE/workspace_1.14.0/PdM_workspace/PdM_workspace/Practica1.2/Drivers/STM32F4xx_HAL_Driver/Inc" -I"/home/jv/STM32CubeIDE/workspace_1.14.0/PdM_workspace/PdM_workspace/Practica1.2/Drivers/STM32F4xx_HAL_Driver/Inc/Legacy" -I"/home/jv/STM32CubeIDE/workspace_1.14.0/PdM_workspace/PdM_workspace/Practica1.2/Drivers/CMSIS/Device/ST/STM32F4xx/Include" -I"/home/jv/STM32CubeIDE/workspace_1.14.0/PdM_workspace/PdM_workspace/Practica1.2/Drivers/CMSIS/Include" -O0 -ffunction-sections -fdata-sections -Wall -fstack-usage -fcyclomatic-complexity -MMD -MP -MF"Core/Src/stm32f4xx_it.d" -MT"Core/Src/stm32f4xx_it.o" --specs=nano.specs -mfpu=fpv4-sp-d16 -mfloat-abi=hard -mthumb -o "Core/Src/stm32f4xx_it.o"
arm-none-eabi-gcc "../Core/Src/syscalls.c" -mcpu=cortex-m4 -std=gnu11 -g3 -DDEBUG -DUSE_HAL_DRIVER -DSTM32F401xE -c -I"/home/jv/STM32CubeIDE/workspace_1.14.0/PdM_workspace/PdM_workspace/Practica1.2/Peripheral/Inc" -I"/home/jv/STM32CubeIDE/workspace_1.14.0/PdM_workspace/PdM_workspace/Practica1.2/Core/Inc" -I"/home/jv/STM32CubeIDE/workspace_1.14.0/PdM_workspace/PdM_workspace/Practica1.2/Drivers/STM32F4xx_HAL_Driver/Inc" -I"/home/jv/STM32CubeIDE/workspace_1.14.0/PdM_workspace/PdM_workspace/Practica1.2/Drivers/STM32F4xx_HAL_Driver/Inc/Legacy" -I"/home/jv/STM32CubeIDE/workspace_1.14.0/PdM_workspace/PdM_workspace/Practica1.2/Drivers/CMSIS/Device/ST/STM32F4xx/Include" -I"/home/jv/STM32CubeIDE/workspace_1.14.0/PdM_workspace/PdM_workspace/Practica1.2/Drivers/CMSIS/Include" -O0 -ffunction-sections -fdata-sections -Wall -fstack-usage -fcyclomatic-complexity -MMD -MP -MF"Core/Src/syscalls.d" -MT"Core/Src/syscalls.o" --specs=nano.specs -mfpu=fpv4-sp-d16 -mfloat-abi=hard -mthumb -o "Core/Src/syscalls.o"
arm-none-eabi-gcc "../Core/Src/sysmem.c" -mcpu=cortex-m4 -std=gnu11 -g3 -DDEBUG -DUSE_HAL_DRIVER -DSTM32F401xE -c -I"/home/jv/STM32CubeIDE/workspace_1.14.0/PdM_workspace/PdM_workspace/Practica1.2/Peripheral/Inc" -I"/home/jv/STM32CubeIDE/workspace_1.14.0/PdM_workspace/PdM_workspace/Practica1.2/Core/Inc" -I"/home/jv/STM32CubeIDE/workspace_1.14.0/PdM_workspace/PdM_workspace/Practica1.2/Drivers/STM32F4xx_HAL_Driver/Inc" -I"/home/jv/STM32CubeIDE/workspace_1.14.0/PdM_workspace/PdM_workspace/Practica1.2/Drivers/STM32F4xx_HAL_Driver/Inc/Legacy" -I"/home/jv/STM32CubeIDE/workspace_1.14.0/PdM_workspace/PdM_workspace/Practica1.2/Drivers/CMSIS/Device/ST/STM32F4xx/Include" -I"/home/jv/STM32CubeIDE/workspace_1.14.0/PdM_workspace/PdM_workspace/Practica1.2/Drivers/CMSIS/Include" -O0 -ffunction-sections -fdata-sections -Wall -fstack-usage -fcyclomatic-complexity -MMD -MP -MF"Core/Src/sysmem.d" -MT"Core/Src/sysmem.o" --specs=nano.specs -mfpu=fpv4-sp-d16 -mfloat-abi=hard -mthumb -o "Core/Src/sysmem.o"
arm-none-eabi-gcc "../Core/Src/system_stm32f4xx.c" -mcpu=cortex-m4 -std=gnu11 -g3 -DDEBUG -DUSE_HAL_DRIVER -DSTM32F401xE -c -I"/home/jv/STM32CubeIDE/workspace_1.14.0/PdM_workspace/PdM_workspace/Practica1.2/Peripheral/Inc" -I"/home/jv/STM32CubeIDE/workspace_1.14.0/PdM_workspace/PdM_workspace/Practica1.2/Core/Inc" -I"/home/jv/STM32CubeIDE/workspace_1.14.0/PdM_workspace/PdM_workspace/Practica1.2/Drivers/STM32F4xx_HAL_Driver/Inc" -I"/home/jv/STM32CubeIDE/workspace_1.14.0/PdM_workspace/PdM_workspace/Practica1.2/Drivers/STM32F4xx_HAL_Driver/Inc/Legacy" -I"/home/jv/STM32CubeIDE/workspace_1.14.0/PdM_workspace/PdM_workspace/Practica1.2/Drivers/CMSIS/Device/ST/STM32F4xx/Include" -I"/home/jv/STM32CubeIDE/workspace_1.14.0/PdM_workspace/PdM_workspace/Practica1.2/Drivers/CMSIS/Include" -O0 -ffunction-sections -fdata-sections -Wall -fstack-usage -fcyclomatic-complexity -MMD -MP -MF"Core/Src/system_stm32f4xx.d" -MT"Core/Src/system_stm32f4xx.o" --specs=nano.specs -mfpu=fpv4-sp-d16 -mfloat-abi=hard -mthumb -o "Core/Src/system_stm32f4xx.o"
arm-none-eabi-gcc -o "Practica1.2.elf" @"objects.list"   -mcpu=cortex-m4 -T"/home/jv/STM32CubeIDE/workspace_1.14.0/PdM_workspace/PdM_workspace/Practica1.2/STM32F401RETX_FLASH.ld" --specs=nosys.specs -Wl,-Map="Practica1.2.map" -Wl,--gc-sections -static --specs=nano.specs -mfpu=fpv4-sp-d16 -mfloat-abi=hard -mthumb -Wl,--start-group -lc -lm -Wl,--end-group
Finished building target: Practica1.2.elf
 
arm-none-eabi-size  Practica1.2.elf 
arm-none-eabi-objdump -h -S Practica1.2.elf  > "Practica1.2.list"
   text	   data	    bss	    dec	    hex	filename
   6240	     20	   1572	   7832	   1e98	Practica1.2.elf
Finished building: default.size.stdout
 
Finished building: Practica1.2.list
 
16:54:53 **** Incremental Build of configuration Debug for project Practica1.2 ****
make -j2 all 
arm-none-eabi-size  Practica1.2.elf 
   text	   data	    bss	    dec	    hex	filename
   6240	     20	   1572	   7832	   1e98	Practica1.2.elf
Finished building: default.size.stdout
 
16:56:26 **** Incremental Build of configuration Debug for project Practica1.2 ****
make -j2 all 
arm-none-eabi-size  Practica1.2.elf 
   text	   data	    bss	    dec	    hex	filename
   6240	     20	   1572	   7832	   1e98	Practica1.2.elf
Finished building: default.size.stdout
 
16:59:32 **** Incremental Build of configuration Debug for project Practica1.2 ****
make -j2 all 
arm-none-eabi-gcc "../Core/Src/main.c" -mcpu=cortex-m4 -std=gnu11 -g3 -DDEBUG -DUSE_HAL_DRIVER -DSTM32F401xE -c -I"/home/jv/STM32CubeIDE/workspace_1.14.0/PdM_workspace/PdM_workspace/Practica1.2/Peripheral/Inc" -I"/home/jv/STM32CubeIDE/workspace_1.14.0/PdM_workspace/PdM_workspace/Practica1.2/Core/Inc" -I"/home/jv/STM32CubeIDE/workspace_1.14.0/PdM_workspace/PdM_workspace/Practica1.2/Drivers/STM32F4xx_HAL_Driver/Inc" -I"/home/jv/STM32CubeIDE/workspace_1.14.0/PdM_workspace/PdM_workspace/Practica1.2/Drivers/STM32F4xx_HAL_Driver/Inc/Legacy" -I"/home/jv/STM32CubeIDE/workspace_1.14.0/PdM_workspace/PdM_workspace/Practica1.2/Drivers/CMSIS/Device/ST/STM32F4xx/Include" -I"/home/jv/STM32CubeIDE/workspace_1.14.0/PdM_workspace/PdM_workspace/Practica1.2/Drivers/CMSIS/Include" -O0 -ffunction-sections -fdata-sections -Wall -fstack-usage -fcyclomatic-complexity -MMD -MP -MF"Core/Src/main.d" -MT"Core/Src/main.o" --specs=nano.specs -mfpu=fpv4-sp-d16 -mfloat-abi=hard -mthumb -o "Core/Src/main.o"
../Core/Src/main.c: In function 'main':
../Core/Src/main.c:28:18: warning: this 'else' clause does not guard... [-Wmisleading-indentation]
   28 |                 }else
      |                  ^~~~
../Core/Src/main.c:31:25: note: ...this statement, but the latter is misleadingly indented as if it were guarded by the 'else'
   31 |                         HAL_Delay(200);
      |                         ^~~~~~~~~
arm-none-eabi-gcc -o "Practica1.2.elf" @"objects.list"   -mcpu=cortex-m4 -T"/home/jv/STM32CubeIDE/workspace_1.14.0/PdM_workspace/PdM_workspace/Practica1.2/STM32F401RETX_FLASH.ld" --specs=nosys.specs -Wl,-Map="Practica1.2.map" -Wl,--gc-sections -static --specs=nano.specs -mfpu=fpv4-sp-d16 -mfloat-abi=hard -mthumb -Wl,--start-group -lc -lm -Wl,--end-group
Finished building target: Practica1.2.elf
 
arm-none-eabi-size  Practica1.2.elf 
arm-none-eabi-objdump -h -S Practica1.2.elf  > "Practica1.2.list"
   text	   data	    bss	    dec	    hex	filename
   6236	     20	   1572	   7828	   1e94	Practica1.2.elf
Finished building: default.size.stdout
 
Finished building: Practica1.2.list
 
17:02:45 **** Incremental Build of configuration Debug for project Practica1.2 ****
make -j2 all 
arm-none-eabi-gcc "../Core/Src/main.c" -mcpu=cortex-m4 -std=gnu11 -g3 -DDEBUG -DUSE_HAL_DRIVER -DSTM32F401xE -c -I"/home/jv/STM32CubeIDE/workspace_1.14.0/PdM_workspace/PdM_workspace/Practica1.2/Peripheral/Inc" -I"/home/jv/STM32CubeIDE/workspace_1.14.0/PdM_workspace/PdM_workspace/Practica1.2/Core/Inc" -I"/home/jv/STM32CubeIDE/workspace_1.14.0/PdM_workspace/PdM_workspace/Practica1.2/Drivers/STM32F4xx_HAL_Driver/Inc" -I"/home/jv/STM32CubeIDE/workspace_1.14.0/PdM_workspace/PdM_workspace/Practica1.2/Drivers/STM32F4xx_HAL_Driver/Inc/Legacy" -I"/home/jv/STM32CubeIDE/workspace_1.14.0/PdM_workspace/PdM_workspace/Practica1.2/Drivers/CMSIS/Device/ST/STM32F4xx/Include" -I"/home/jv/STM32CubeIDE/workspace_1.14.0/PdM_workspace/PdM_workspace/Practica1.2/Drivers/CMSIS/Include" -O0 -ffunction-sections -fdata-sections -Wall -fstack-usage -fcyclomatic-complexity -MMD -MP -MF"Core/Src/main.d" -MT"Core/Src/main.o" --specs=nano.specs -mfpu=fpv4-sp-d16 -mfloat-abi=hard -mthumb -o "Core/Src/main.o"
../Core/Src/main.c: In function 'main':
../Core/Src/main.c:28:18: warning: this 'else' clause does not guard... [-Wmisleading-indentation]
   28 |                 }else
      |                  ^~~~
../Core/Src/main.c:31:25: note: ...this statement, but the latter is misleadingly indented as if it were guarded by the 'else'
   31 |                         HAL_Delay(200);
      |                         ^~~~~~~~~
arm-none-eabi-gcc -o "Practica1.2.elf" @"objects.list"   -mcpu=cortex-m4 -T"/home/jv/STM32CubeIDE/workspace_1.14.0/PdM_workspace/PdM_workspace/Practica1.2/STM32F401RETX_FLASH.ld" --specs=nosys.specs -Wl,-Map="Practica1.2.map" -Wl,--gc-sections -static --specs=nano.specs -mfpu=fpv4-sp-d16 -mfloat-abi=hard -mthumb -Wl,--start-group -lc -lm -Wl,--end-group
Finished building target: Practica1.2.elf
 
arm-none-eabi-size  Practica1.2.elf 
arm-none-eabi-objdump -h -S Practica1.2.elf  > "Practica1.2.list"
   text	   data	    bss	    dec	    hex	filename
   6236	     20	   1572	   7828	   1e94	Practica1.2.elf
Finished building: default.size.stdout
 
Finished building: Practica1.2.list
 
17:08:44 **** Incremental Build of configuration Debug for project Practica1.2 ****
make -j2 all 
arm-none-eabi-gcc "../Core/Src/main.c" -mcpu=cortex-m4 -std=gnu11 -g3 -DDEBUG -DUSE_HAL_DRIVER -DSTM32F401xE -c -I"/home/jv/STM32CubeIDE/workspace_1.14.0/PdM_workspace/PdM_workspace/Practica1.2/Peripheral/Inc" -I"/home/jv/STM32CubeIDE/workspace_1.14.0/PdM_workspace/PdM_workspace/Practica1.2/Core/Inc" -I"/home/jv/STM32CubeIDE/workspace_1.14.0/PdM_workspace/PdM_workspace/Practica1.2/Drivers/STM32F4xx_HAL_Driver/Inc" -I"/home/jv/STM32CubeIDE/workspace_1.14.0/PdM_workspace/PdM_workspace/Practica1.2/Drivers/STM32F4xx_HAL_Driver/Inc/Legacy" -I"/home/jv/STM32CubeIDE/workspace_1.14.0/PdM_workspace/PdM_workspace/Practica1.2/Drivers/CMSIS/Device/ST/STM32F4xx/Include" -I"/home/jv/STM32CubeIDE/workspace_1.14.0/PdM_workspace/PdM_workspace/Practica1.2/Drivers/CMSIS/Include" -O0 -ffunction-sections -fdata-sections -Wall -fstack-usage -fcyclomatic-complexity -MMD -MP -MF"Core/Src/main.d" -MT"Core/Src/main.o" --specs=nano.specs -mfpu=fpv4-sp-d16 -mfloat-abi=hard -mthumb -o "Core/Src/main.o"
arm-none-eabi-gcc -o "Practica1.2.elf" @"objects.list"   -mcpu=cortex-m4 -T"/home/jv/STM32CubeIDE/workspace_1.14.0/PdM_workspace/PdM_workspace/Practica1.2/STM32F401RETX_FLASH.ld" --specs=nosys.specs -Wl,-Map="Practica1.2.map" -Wl,--gc-sections -static --specs=nano.specs -mfpu=fpv4-sp-d16 -mfloat-abi=hard -mthumb -Wl,--start-group -lc -lm -Wl,--end-group
Finished building target: Practica1.2.elf
 
arm-none-eabi-size  Practica1.2.elf 
arm-none-eabi-objdump -h -S Practica1.2.elf  > "Practica1.2.list"
   text	   data	    bss	    dec	    hex	filename
   6236	     20	   1572	   7828	   1e94	Practica1.2.elf
Finished building: default.size.stdout
 
Finished building: Practica1.2.list
 
