18:12:19 **** Incremental Build of configuration Debug for project Practica5.2 ****
make -j2 all 
arm-none-eabi-gcc "../Drivers/API/Src/API_debounce.c" -mcpu=cortex-m4 -std=gnu11 -g3 -DDEBUG -DUSE_HAL_DRIVER -DSTM32F401xE -c -I../Core/Inc -I../Drivers/STM32F4xx_HAL_Driver/Inc -I../Drivers/STM32F4xx_HAL_Driver/Inc/Legacy -I../Drivers/CMSIS/Device/ST/STM32F4xx/Include -I../Drivers/CMSIS/Include -I"/home/jv/STM32CubeIDE/workspace_1.14.0/PdM_workspace/PdM_workspace/Practica5.2/Drivers/API/Inc" -I"/home/jv/STM32CubeIDE/workspace_1.14.0/PdM_workspace/PdM_workspace/Practica5.2/Drivers/API/Src" -I"/home/jv/STM32CubeIDE/workspace_1.14.0/PdM_workspace/PdM_workspace/Practica5.2/Drivers/API" -O0 -ffunction-sections -fdata-sections -Wall -fstack-usage -fcyclomatic-complexity -MMD -MP -MF"Drivers/API/Src/API_debounce.d" -MT"Drivers/API/Src/API_debounce.o" --specs=nano.specs -mfpu=fpv4-sp-d16 -mfloat-abi=hard -mthumb -o "Drivers/API/Src/API_debounce.o"
arm-none-eabi-gcc "../Drivers/API/Src/API_uart.c" -mcpu=cortex-m4 -std=gnu11 -g3 -DDEBUG -DUSE_HAL_DRIVER -DSTM32F401xE -c -I../Core/Inc -I../Drivers/STM32F4xx_HAL_Driver/Inc -I../Drivers/STM32F4xx_HAL_Driver/Inc/Legacy -I../Drivers/CMSIS/Device/ST/STM32F4xx/Include -I../Drivers/CMSIS/Include -I"/home/jv/STM32CubeIDE/workspace_1.14.0/PdM_workspace/PdM_workspace/Practica5.2/Drivers/API/Inc" -I"/home/jv/STM32CubeIDE/workspace_1.14.0/PdM_workspace/PdM_workspace/Practica5.2/Drivers/API/Src" -I"/home/jv/STM32CubeIDE/workspace_1.14.0/PdM_workspace/PdM_workspace/Practica5.2/Drivers/API" -O0 -ffunction-sections -fdata-sections -Wall -fstack-usage -fcyclomatic-complexity -MMD -MP -MF"Drivers/API/Src/API_uart.d" -MT"Drivers/API/Src/API_uart.o" --specs=nano.specs -mfpu=fpv4-sp-d16 -mfloat-abi=hard -mthumb -o "Drivers/API/Src/API_uart.o"
arm-none-eabi-gcc "../Core/Src/main.c" -mcpu=cortex-m4 -std=gnu11 -g3 -DDEBUG -DUSE_HAL_DRIVER -DSTM32F401xE -c -I../Core/Inc -I../Drivers/STM32F4xx_HAL_Driver/Inc -I../Drivers/STM32F4xx_HAL_Driver/Inc/Legacy -I../Drivers/CMSIS/Device/ST/STM32F4xx/Include -I../Drivers/CMSIS/Include -I"/home/jv/STM32CubeIDE/workspace_1.14.0/PdM_workspace/PdM_workspace/Practica5.2/Drivers/API/Inc" -I"/home/jv/STM32CubeIDE/workspace_1.14.0/PdM_workspace/PdM_workspace/Practica5.2/Drivers/API/Src" -I"/home/jv/STM32CubeIDE/workspace_1.14.0/PdM_workspace/PdM_workspace/Practica5.2/Drivers/API" -O0 -ffunction-sections -fdata-sections -Wall -fstack-usage -fcyclomatic-complexity -MMD -MP -MF"Core/Src/main.d" -MT"Core/Src/main.o" --specs=nano.specs -mfpu=fpv4-sp-d16 -mfloat-abi=hard -mthumb -o "Core/Src/main.o"
arm-none-eabi-gcc -o "Practica5.2.elf" @"objects.list"   -mcpu=cortex-m4 -T"/home/jv/STM32CubeIDE/workspace_1.14.0/PdM_workspace/PdM_workspace/Practica5.2/STM32F401RETX_FLASH.ld" --specs=nosys.specs -Wl,-Map="Practica5.2.map" -Wl,--gc-sections -static --specs=nano.specs -mfpu=fpv4-sp-d16 -mfloat-abi=hard -mthumb -Wl,--start-group -lc -lm -Wl,--end-group
Finished building target: Practica5.2.elf
 
arm-none-eabi-size  Practica5.2.elf 
arm-none-eabi-objdump -h -S Practica5.2.elf  > "Practica5.2.list"
   text	   data	    bss	    dec	    hex	filename
   9360	     20	   1660	  11040	   2b20	Practica5.2.elf
Finished building: default.size.stdout
 
Finished building: Practica5.2.list
 
